exports[`Sidebar (Snapshot) Sidebar renders 1`] = `
<header>
  <nav
    className="top-nav full hide-on-large-only">
    <div
      className="nav-wrapper">
      <a
        className="button-collapse top-nav full hide-on-large-only"
        data-activates="slide-out"
        href="#">
        <i
          className="material-icons">
          menu
        </i>
      </a>
    </div>
  </nav>
  <ul
    className="side-nav fixed theme-color"
    id="slide-out">
    <li>
      <div
        className="userView">
        <a
          href="#">
          <img
            className="circle" />
        </a>
        <a
          href="#">
          <span
            className="name">
            John Doe
          </span>
        </a>
        <a
          href="#">
          <span
            className="email">
            jdandturk@gmail.com
          </span>
        </a>
        <a
          className="btn"
          href="#">
          Log Out
        </a>
      </div>
    </li>
    <li>
      <div
        className="divider" />
    </li>
    <li>
      <a
        className="waves-effect"
        href="#/dashboard">
        <i
          className="material-icons icon-white">
          dashboard
        </i>
        Dashboard
      </a>
    </li>
    <li>
      <a
        className="waves-effect"
        href="#/selfreflection">
        <i
          className="material-icons icon-white">
          perm_identity
        </i>
        Self Reflections
      </a>
    </li>
    <li>
      <a
        className="waves-effect"
        href="#/settings">
        <i
          className="material-icons icon-white">
          settings
        </i>
        Settings
      </a>
    </li>
  </ul>
</header>
`;
